// Bun Snapshot v1, https://goo.gl/fbAQLP

exports[`React should create react element: 
        {
          "props": {
            "children": [
              {
                "props": {
                  "children": [],
                  "nodeValue": "hello",
                },
                "type": "TEXT_ELEMENT",
              },
            ],
            "className": "foo",
          },
          "type": "h1",
        } 1`] = `
{
  "props": {
    "children": [
      {
        "props": {
          "children": [],
          "nodeValue": "hello",
        },
        "type": "TEXT_ELEMENT",
      },
    ],
    "className": "foo",
  },
  "type": "h1",
}
`;
